
> dev
> cross-env NODE_ENV=development nodemon -e js server.js

[33m[nodemon] 3.1.0[39m
[33m[nodemon] to restart at any time, enter `rs`[39m
[33m[nodemon] watching path(s): *.*[39m
[33m[nodemon] watching extensions: js[39m
[32m[nodemon] starting `node server.js`[39m
CORS enabled for development
Server started on port 4000
Disconnected from MongoDB.
MongoDB connection error: connect ECONNREFUSED ::1:27017, connect ECONNREFUSED 127.0.0.1:27017
/app/backend/node_modules/mongoose/lib/connection.js:875
    err = new ServerSelectionError();
          ^

MongooseServerSelectionError: connect ECONNREFUSED ::1:27017, connect ECONNREFUSED 127.0.0.1:27017
    at _handleConnectionErrors (/app/backend/node_modules/mongoose/lib/connection.js:875:11)
    at NativeConnection.openUri (/app/backend/node_modules/mongoose/lib/connection.js:826:11) {
  reason: TopologyDescription {
    type: 'Unknown',
    servers: Map(1) {
      'localhost:27017' => ServerDescription {
        address: 'localhost:27017',
        type: 'Unknown',
        hosts: [],
        passives: [],
        arbiters: [],
        tags: {},
        minWireVersion: 0,
        maxWireVersion: 0,
        roundTripTime: -1,
        lastUpdateTime: 6191263,
        lastWriteDate: 0,
        error: MongoNetworkError: connect ECONNREFUSED ::1:27017, connect ECONNREFUSED 127.0.0.1:27017
            at connectionFailureError (/app/backend/node_modules/mongodb/lib/cmap/connect.js:353:20)
            at Socket.<anonymous> (/app/backend/node_modules/mongodb/lib/cmap/connect.js:268:44)
            at Object.onceWrapper (node:events:634:26)
            at Socket.emit (node:events:519:28)
            at emitErrorNT (node:internal/streams/destroy:170:8)
            at emitErrorCloseNT (node:internal/streams/destroy:129:3)
            at process.processTicksAndRejections (node:internal/process/task_queues:89:21) {
          [Symbol(errorLabels)]: Set(1) { 'ResetPool' },
          [cause]: AggregateError [ECONNREFUSED]:
              at internalConnectMultiple (node:net:1134:18)
              at afterConnectMultiple (node:net:1715:7) {
            code: 'ECONNREFUSED',
            [errors]: [Array]
          }
        },
        topologyVersion: null,
        setName: null,
        setVersion: null,
        electionId: null,
        logicalSessionTimeoutMinutes: null,
        primary: null,
        me: null,
        '$clusterTime': null
      }
    },
    stale: false,
    compatible: true,
    heartbeatFrequencyMS: 10000,
    localThresholdMS: 15,
    setName: null,
    maxElectionId: null,
    maxSetVersion: null,
    commonWireVersion: 0,
    logicalSessionTimeoutMinutes: null
  },
  code: undefined
}

Node.js v22.22.1
[31m[nodemon] app crashed - waiting for file changes before starting...[39m
[32m[nodemon] restarting due to changes...[39m
[32m[nodemon] starting `node server.js`[39m
CORS enabled for development
node:events:497
      throw er; // Unhandled 'error' event
      ^

Error: listen EADDRINUSE: address already in use :::4000
    at Server.setupListenHandle [as _listen2] (node:net:1940:16)
    at listenInCluster (node:net:1997:12)
    at Server.listen (node:net:2102:7)
    at Function.listen (/app/backend/node_modules/express/lib/application.js:635:24)
    at Object.<anonymous> (/app/backend/server.js:95:20)
    at Module._compile (node:internal/modules/cjs/loader:1705:14)
    at Object..js (node:internal/modules/cjs/loader:1838:10)
    at Module.load (node:internal/modules/cjs/loader:1441:32)
    at Function._load (node:internal/modules/cjs/loader:1263:12)
    at TracingChannel.traceSync (node:diagnostics_channel:328:14)
Emitted 'error' event on Server instance at:
    at emitErrorNT (node:net:1976:8)
    at process.processTicksAndRejections (node:internal/process/task_queues:89:21) {
  code: 'EADDRINUSE',
  errno: -98,
  syscall: 'listen',
  address: '::',
  port: 4000
}

Node.js v22.22.1
[31m[nodemon] app crashed - waiting for file changes before starting...[39m
[32m[nodemon] restarting due to changes...[39m
[32m[nodemon] starting `node server.js`[39m
CORS enabled for development
node:events:497
      throw Disconnected from MongoDB.
MongoDB connection error: connect ECONNREFUSED ::1:27017, connect ECONNREFUSED 127.0.0.1:27017
/app/backend/node_modules/mongoose/lib/connection.js:875
    err = new ServerSelectionError();
          ^

MongooseServerSelectionError: connect ECONNREFUSED ::1:27017, connect ECONNREFUSED 127.0.0.1:27017
    at _handleConnectionErrors (/app/backend/node_modules/mongoose/lib/connection.js:875:11)
    at NativeConnection.openUri (/app/backend/node_modules/mongoose/lib/connection.js:826:11) {
  reason: TopologyDescription {
    type: 'Unknown',
    servers: Map(1) {
      'localhost:27017' => ServerDescription {
        address: 'localhost:27017',
        type: 'Unknown',
        hosts: [],
        passives: [],
        arbiters: [],
        tags: {},
        minWireVersion: 0,
        maxWireVersion: 0,
        roundTripTime: -1,
        lastUpdateTime: 9050541,
        lastWriteDate: 0,
        error: MongoNetworkError: connect ECONNREFUSED ::1:27017, connect ECONNREFUSED 127.0.0.1:27017
            at connectionFailure[32m[nodemon] restarting due to changes...[39m
[32m[nodemon] starting `node server.js`[39m
CORS enabled for development
Server started on port 4000
Disconnected from MongoDB.
MongoDB connection error: connect ECONNREFUSED ::1:27017, connect ECONNREFUSED 127.0.0.1:27017
/app/backend/node_modules/mongoose/lib/connection.js:875
    err = new ServerSelectionError();
          ^

MongooseServerSelectionError: connect ECONNREFUSED ::1:27017, connect ECONNREFUSED 127.0.0.1:27017
    at _handleConnectionErrors (/app/backend/node_modules/mongoose/lib/connection.js:875:11)
    at NativeConnection.openUri (/app/backend/node_modules/mongoose/lib/connection.js:826:11) {
  reason: TopologyDescription {
    type: 'Unknown',
    servers: Map(1) {
      'localhost:27017' => ServerDescription {
        address: 'localhost:27017',
        type: 'Unknown',
        hosts: [],
        passives: [],
        arbiters: [],
        tags: {},
        minWireVersion: 0,
        maxWireVersion: 0,
        roundTripTime: -1,
        lastUpdateTime: 9153181,
        lastWriteDate: 0,
        error: MongoNetworkError: connect ECONNREFUSED ::1:27017, connect ECONNREFUSED 127.0.0.1:27017
            at connectionFailureError (/app/backend/node_modules/mongodb/lib/cmap/connect.js:353:20)
            at Socket.<anonymous> (/app/backend/node_modules/mongodb/lib/cmap/connect.js:268:44)
            at Object.onceWrapper (node:events:634:26)
            at Socket.emit (node:events:519:28)
            at emitErrorNT (node:internal/streams/destroy:170:8)
            at emitErrorCloseNT (node:internal/streams/destroy:129:3)
            at process.processTicksAndRejections (node:internal/process/task_queues:89:21) {
          [Symbol(errorLabels)]: Set(1) { 'ResetPool' },
          [cause]: AggregateError [ECONNREFUSED]:
              at internalConnectMultiple (node:net:1134:18)
              at afterConnectMultiple (node:net:1715:7) {
            code: 'ECONNREFUSED',
            [errors]: [Array]
          }
        },
        topologyVersion: null,
        setName: null,
        setVersion: null,
        electionId: null,
        logicalSessionTimeoutMinutes: null,
        primary: null,
        me: null,
        '$clusterTime': null
      }
    },
    stale: false,
    compatible: true,
    heartbeatFrequencyMS: 10000,
    localThresholdMS: 15,
    setName: null,
    maxElectionId: null,
    maxSetVersion: null,
    commonWireVersion: 0,
    logicalSessionTimeoutMinutes: null
  },
  code: undefined
}

Node.js v22.22.1
[31m[nodemon] app crashed - waiting for file changes before starting...[39m
